// Vitest Snapshot v1, https://vitest.dev/guide/snapshot.html

exports[`render spec > should log error 1`] = `<div />`;
